// Jest Snapshot v1, https://goo.gl/fbAQLP

exports[`Pages > User should render pages User 1`] = `ShallowWrapper {}`;
