// Jest Snapshot v1, https://goo.gl/fbAQLP

exports[`Components > User should render correctly 1`] = `ShallowWrapper {}`;
