// Jest Snapshot v1, https://goo.gl/fbAQLP

exports[`Routes should render routes 1`] = `ShallowWrapper {}`;
