// Jest Snapshot v1, https://goo.gl/fbAQLP

exports[`Todo should render correctly 1`] = `[Function]`;
