// Jest Snapshot v1, https://goo.gl/fbAQLP

exports[`Pages > Todo should render pages Todo 1`] = `ShallowWrapper {}`;
