// Jest Snapshot v1, https://goo.gl/fbAQLP

exports[`Components > TodoList should render components TodoList 1`] = `ShallowWrapper {}`;
