// Jest Snapshot v1, https://goo.gl/fbAQLP

exports[`Dispatch Types List should contain dispatch types for \`Todo\` 1`] = `undefined`;
